
> figma:check
> node scripts/figma-sync.mjs check

MATCH              320×180   342:3  assets/backdrop-v1/band.png
MATCH              320×180   342:4  assets/backdrop-v1/mountains.png
MATCH              320×180   342:5  assets/backdrop-v1/ruins.png
MATCH              320×180   343:2  assets/backdrop-v1/sky.png
MATCH              320×180   344:2  assets/backdrop-v1/forest.png
MATCH              64×48     389:2  assets/biomes-v1/ash-plover.png
MATCH              80×48     389:3  assets/biomes-v1/ember-crow.png
MATCH              249×19    389:4  assets/biomes-v1/ember-far.png
MATCH              249×22    389:5  assets/biomes-v1/ember-mid.png
MATCH              147×14    389:6  assets/biomes-v1/frost-far.png
MATCH              147×26    389:7  assets/biomes-v1/frost-mid.png
MATCH              80×48     389:8  assets/biomes-v1/ptarmigan.png
MATCH              80×48     389:9  assets/biomes-v1/snow-finch.png
MATCH              80×48     389:10 assets/biomes-v1/songbird.png
MATCH              836×180   386:3  assets/cavern-v1/ceiling.png
MATCH              836×180   394:16 assets/cavern-v1/far.png
MATCH              836×180   386:4  assets/cavern-v1/horizon.png
MATCH              836×180   386:5  assets/cavern-v1/lake.png
MATCH              418×180   386:6  assets/cavern-v1/ruins.png
MATCH              192×64    385:3  assets/district-props-v1/props.png
MATCH              144×64    385:4  assets/district-props-v1/landmarks.png
MATCH              181×26    389:52 assets/garden-view-v1/far-mountains.png
MATCH              181×28    389:53 assets/garden-view-v1/fireflies.png
MATCH              181×30    389:54 assets/garden-view-v1/forest.png
MATCH              181×42    389:55 assets/garden-view-v1/mid-mountains.png
MATCH              181×22    389:56 assets/garden-view-v1/mist.png
MATCH              181×60    389:57 assets/garden-view-v1/sky.png
MATCH              181×20    389:58 assets/garden-view-v1/soil.png
MATCH              181×16    389:59 assets/garden-view-v1/water.png
MATCH              128×32    389:69 assets/native/water-fx.png
MATCH              256×180   346:3  assets/night-v1/01-sky.png
MATCH              640×180   346:4  assets/night-v1/02-stars.png
MATCH              640×180   346:5  assets/night-v1/03-moon.png
MATCH              640×180   346:6  assets/night-v1/04-clouds.png
MATCH              640×180   347:2  assets/night-v1/05-mountains-far.png
MATCH              640×180   347:3  assets/night-v1/07-ruins.png
MATCH              640×180   348:2  assets/night-v1/06-mountains-mid.png
MATCH              591×180   351:2  assets/night-v1/10-terrain.png
MATCH              640×180   356:7  assets/night-v1/08-forest.png
MATCH              604×180   359:9  assets/night-v1/09-trees.png
MATCH              6×4       211:3  assets/plants-v1/alder-cone/bloom-01.png
MATCH              4×4       211:4  assets/plants-v1/alder-cone/bloom-02.png
MATCH              5×5       211:5  assets/plants-v1/alder-cone/bloom-03.png
MATCH              7×5       211:6  assets/plants-v1/alder-cone/bloom-04.png
MATCH              4×5       211:7  assets/plants-v1/alder-cone/bloom-05.png
MATCH              3×5       211:8  assets/plants-v1/alder-cone/bloom-06.png
MATCH              6×4       211:9  assets/plants-v1/alder-cone/bloom-07.png
MATCH              3×2       211:10 assets/plants-v1/alder-cone/bloom-08.png
MATCH              1×3       211:11 assets/plants-v1/alder-cone/bloom-09.png
MATCH              12×12     211:12 assets/plants-v1/alder-cone/root-01.png
MATCH              21×8      211:13 assets/plants-v1/alder-cone/stem-01.png
MATCH              19×8      211:14 assets/plants-v1/alder-cone/stem-02.png
MATCH              16×8      211:15 assets/plants-v1/alder-cone/stem-03.png
MATCH              17×8      211:16 assets/plants-v1/alder-cone/stem-04.png
MATCH              17×8      211:17 assets/plants-v1/alder-cone/stem-05.png
MATCH              13×8      211:18 assets/plants-v1/alder-cone/stem-06.png
MATCH              1×1       211:19 assets/plants-v1/alder-cone/stem-07.png
MATCH              9×9       389:70 assets/plants-v1/blue-poppy/bloom-01.png
MATCH              9×9       389:71 assets/plants-v1/blue-poppy/bloom-02.png
MATCH              12×10     389:72 assets/plants-v1/blue-poppy/bloom-03.png
MATCH              19×12     389:73 assets/plants-v1/blue-poppy/root-01.png
MATCH              14×8      389:74 assets/plants-v1/blue-poppy/stem-01.png
MATCH              21×8      389:75 assets/plants-v1/blue-poppy/stem-02.png
MATCH              20×8      389:76 assets/plants-v1/blue-poppy/stem-03.png
MATCH              20×8      389:77 assets/plants-v1/blue-poppy/stem-04.png
MATCH              18×8      389:78 assets/plants-v1/blue-poppy/stem-05.png
MATCH              12×8      389:79 assets/plants-v1/blue-poppy/stem-06.png
MATCH              8×8       389:80 assets/plants-v1/blue-poppy/stem-07.png
MATCH              7×7       389:81 assets/plants-v1/bluebell/bloom-01.png
MATCH              2×2       389:82 assets/plants-v1/bluebell/bloom-02.png
MATCH              7×7       389:83 assets/plants-v1/bluebell/bloom-03.png
MATCH              3×2       389:84 assets/plants-v1/bluebell/bloom-04.png
MATCH              2×2       389:85 assets/plants-v1/bluebell/bloom-05.png
MATCH              6×8       389:86 assets/plants-v1/bluebell/bloom-06.png
MATCH              5×5       389:87 assets/plants-v1/bluebell/bloom-07.png
MATCH              4×4       389:88 assets/plants-v1/bluebell/bloom-08.png
MATCH              7×7       389:89 assets/plants-v1/bluebell/bloom-09.png
MATCH              15×8      389:90 assets/plants-v1/bluebell/root-01.png
MATCH              21×8      389:91 assets/plants-v1/bluebell/stem-01.png
MATCH              21×8      389:92 assets/plants-v1/bluebell/stem-02.png
MATCH              21×8      389:93 assets/plants-v1/bluebell/stem-03.png
MATCH              17×8      389:94 assets/plants-v1/bluebell/stem-04.png
MATCH              21×8      389:95 assets/plants-v1/bluebell/stem-05.png
MATCH              20×8      389:96 assets/plants-v1/bluebell/stem-06.png
MATCH              15×8      389:97 assets/plants-v1/bluebell/stem-07.png
MATCH              8×7       389:98 assets/plants-v1/bluebell/stem-08.png
MATCH              8×6       389:99 assets/plants-v1/cloudberry/berry-01.png
MATCH              11×13     389:100 assets/plants-v1/cloudberry/berry-02.png
MATCH              10×14     389:101 assets/plants-v1/cloudberry/berry-03.png
MATCH              12×15     389:102 assets/plants-v1/cloudberry/berry-04.png
MATCH              14×18     389:103 assets/plants-v1/cloudberry/berry-05.png
MATCH              15×9      389:104 assets/plants-v1/cloudberry/berry-06.png
MATCH              19×17     389:105 assets/plants-v1/cloudberry/burst-01.png
MATCH              26×21     389:106 assets/plants-v1/cloudberry/burst-02.png
MATCH              28×23     389:107 assets/plants-v1/cloudberry/burst-03.png
MATCH              27×13     389:108 assets/plants-v1/cloudberry/burst-04.png
MATCH              17×17     389:109 assets/plants-v1/cloudberry/root-01.png
MATCH              17×8      389:110 assets/plants-v1/cloudberry/stem-01.png
MATCH              15×8      389:111 assets/plants-v1/cloudberry/stem-02.png
MATCH              7×8       389:112 assets/plants-v1/cloudberry/stem-03.png
MATCH              34×8      389:113 assets/plants-v1/cloudberry/stem-04.png
MATCH              34×8      389:114 assets/plants-v1/cloudberry/stem-05.png
MATCH              25×8      389:115 assets/plants-v1/cloudberry/stem-06.png
MATCH              24×8      389:116 assets/plants-v1/cloudberry/stem-07.png
MATCH              4×4       389:117 assets/plants-v1/cloudberry/stem-08.png
MATCH              6×7       211:47 assets/plants-v1/dusk-bell/bloom-01.png
MATCH              3×3       211:48 assets/plants-v1/dusk-bell/bloom-02.png
MATCH              2×5       211:49 assets/plants-v1/dusk-bell/bloom-03.png
MATCH              6×8       211:50 assets/plants-v1/dusk-bell/bloom-04.png
MATCH              6×6       211:51 assets/plants-v1/dusk-bell/bloom-05.png
MATCH              2×5       211:52 assets/plants-v1/dusk-bell/bloom-06.png
MATCH              12×15     211:53 assets/plants-v1/dusk-bell/root-01.png
MATCH              12×8      211:54 assets/plants-v1/dusk-bell/stem-01.png
MATCH              17×8      211:55 assets/plants-v1/dusk-bell/stem-02.png
MATCH              15×8      211:56 assets/plants-v1/dusk-bell/stem-03.png
MATCH              14×8      211:57 assets/plants-v1/dusk-bell/stem-04.png
MATCH              15×8      211:58 assets/plants-v1/dusk-bell/stem-05.png
MATCH              13×8      211:59 assets/plants-v1/dusk-bell/stem-06.png
MATCH              9×8       211:60 assets/plants-v1/dusk-bell/stem-07.png
MATCH              9×6       211:61 assets/plants-v1/dusk-bell/stem-08.png
MATCH              4×1       389:118 assets/plants-v1/frost-fern/bloom-01.png
MATCH              3×2       389:119 assets/plants-v1/frost-fern/bloom-02.png
MATCH              2×2       389:120 assets/plants-v1/frost-fern/bloom-03.png
MATCH              3×3       389:121 assets/plants-v1/frost-fern/bloom-04.png
MATCH              19×9      389:122 assets/plants-v1/frost-fern/root-01.png
MATCH              19×8      389:123 assets/plants-v1/frost-fern/stem-01.png
MATCH              36×8      389:124 assets/plants-v1/frost-fern/stem-02.png
MATCH              32×8      389:125 assets/plants-v1/frost-fern/stem-03.png
MATCH              31×8      389:126 assets/plants-v1/frost-fern/stem-04.png
MATCH              34×8      389:127 assets/plants-v1/frost-fern/stem-05.png
MATCH              33×8      389:128 assets/plants-v1/frost-fern/stem-06.png
MATCH              11×8      389:129 assets/plants-v1/frost-fern/stem-07.png
MATCH              7×7       389:130 assets/plants-v1/frost-fern/stem-08.png
MATCH              3×2       389:131 assets/plants-v1/gold-bud/bloom-01.png
MATCH              3×2       389:132 assets/plants-v1/gold-bud/bloom-02.png
MATCH              3×2       389:133 assets/plants-v1/gold-bud/bloom-03.png
MATCH              2×3       389:134 assets/plants-v1/gold-bud/bloom-04.png
MATCH              2×2       389:135 assets/plants-v1/gold-bud/bloom-05.png
MATCH              2×3       389:136 assets/plants-v1/gold-bud/bloom-06.png
MATCH              3×3       389:137 assets/plants-v1/gold-bud/bloom-07.png
MATCH              3×3       389:138 assets/plants-v1/gold-bud/bloom-08.png
MATCH              2×2       389:139 assets/plants-v1/gold-bud/bloom-09.png
MATCH              2×2       389:140 assets/plants-v1/gold-bud/bloom-10.png
MATCH              3×5       389:141 assets/plants-v1/gold-bud/bloom-11.png
MATCH              21×6      389:142 assets/plants-v1/gold-bud/root-01.png
MATCH              19×8      389:143 assets/plants-v1/gold-bud/stem-01.png
MATCH              34×8      389:144 assets/plants-v1/gold-bud/stem-02.png
MATCH              35×8      389:145 assets/plants-v1/gold-bud/stem-03.png
MATCH              18×8      389:146 assets/plants-v1/gold-bud/stem-04.png
MATCH              17×8      389:147 assets/plants-v1/gold-bud/stem-05.png
MATCH              16×8      389:148 assets/plants-v1/gold-bud/stem-06.png
MATCH              10×7      389:149 assets/plants-v1/gold-bud/stem-07.png
MATCH              4×3       211:79 assets/plants-v1/ink-fan/bloom-01.png
MATCH              5×4       211:80 assets/plants-v1/ink-fan/bloom-02.png
MATCH              2×2       211:81 assets/plants-v1/ink-fan/bloom-03.png
MATCH              3×3       211:82 assets/plants-v1/ink-fan/bloom-04.png
MATCH              5×3       211:83 assets/plants-v1/ink-fan/bloom-05.png
MATCH              5×3       211:84 assets/plants-v1/ink-fan/bloom-06.png
MATCH              3×3       211:85 assets/plants-v1/ink-fan/bloom-07.png
MATCH              2×2       211:86 assets/plants-v1/ink-fan/bloom-08.png
MATCH              11×10     211:87 assets/plants-v1/ink-fan/root-01.png
MATCH              20×8      211:88 assets/plants-v1/ink-fan/stem-01.png
MATCH              20×8      211:89 assets/plants-v1/ink-fan/stem-02.png
MATCH              19×8      211:90 assets/plants-v1/ink-fan/stem-03.png
MATCH              22×8      211:91 assets/plants-v1/ink-fan/stem-04.png
MATCH              20×8      211:92 assets/plants-v1/ink-fan/stem-05.png
MATCH              16×8      211:93 assets/plants-v1/ink-fan/stem-06.png
MATCH              6×8       389:150 assets/plants-v1/jade-vine/bloom-01.png
MATCH              6×7       389:151 assets/plants-v1/jade-vine/bloom-02.png
MATCH              6×8       389:152 assets/plants-v1/jade-vine/bloom-03.png
MATCH              6×8       389:153 assets/plants-v1/jade-vine/bloom-04.png
MATCH              7×8       389:154 assets/plants-v1/jade-vine/bloom-05.png
MATCH              17×7      389:155 assets/plants-v1/jade-vine/root-01.png
MATCH              18×8      389:156 assets/plants-v1/jade-vine/stem-01.png
MATCH              21×8      389:157 assets/plants-v1/jade-vine/stem-02.png
MATCH              14×8      389:158 assets/plants-v1/jade-vine/stem-03.png
MATCH              26×8      389:159 assets/plants-v1/jade-vine/stem-04.png
MATCH              21×8      389:160 assets/plants-v1/jade-vine/stem-05.png
MATCH              19×8      389:161 assets/plants-v1/jade-vine/stem-06.png
MATCH              6×8       389:162 assets/plants-v1/jade-vine/stem-07.png
MATCH              9×8       389:163 assets/plants-v1/jade-vine/stem-08.png
MATCH              4×5       389:164 assets/plants-v1/moon-lily/bloom-01.png
MATCH              4×5       389:165 assets/plants-v1/moon-lily/bloom-02.png
MATCH              23×11     389:166 assets/plants-v1/moon-lily/bloom-03.png
MATCH              2×2       389:167 assets/plants-v1/moon-lily/bloom-04.png
MATCH              22×8      389:168 assets/plants-v1/moon-lily/root-01.png
MATCH              28×8      389:169 assets/plants-v1/moon-lily/stem-01.png
MATCH              26×8      389:170 assets/plants-v1/moon-lily/stem-02.png
MATCH              23×8      389:171 assets/plants-v1/moon-lily/stem-03.png
MATCH              30×8      389:172 assets/plants-v1/moon-lily/stem-04.png
MATCH              16×8      389:173 assets/plants-v1/moon-lily/stem-05.png
MATCH              14×8      389:174 assets/plants-v1/moon-lily/stem-06.png
MATCH              25×8      389:175 assets/plants-v1/moon-lily/stem-07.png
MATCH              20×8      389:176 assets/plants-v1/moon-lily/stem-08.png
MATCH              7×4       211:20 assets/plants-v1/nightberry/bloom-01.png
MATCH              3×4       211:21 assets/plants-v1/nightberry/bloom-02.png
MATCH              7×4       211:22 assets/plants-v1/nightberry/bloom-03.png
MATCH              5×4       211:23 assets/plants-v1/nightberry/bloom-04.png
MATCH              3×2       211:24 assets/plants-v1/nightberry/bloom-05.png
MATCH              5×3       211:25 assets/plants-v1/nightberry/bloom-06.png
MATCH              3×3       211:26 assets/plants-v1/nightberry/bloom-07.png
MATCH              7×4       211:27 assets/plants-v1/nightberry/bloom-08.png
MATCH              4×3       211:28 assets/plants-v1/nightberry/bloom-09.png
MATCH              7×5       211:29 assets/plants-v1/nightberry/bloom-10.png
MATCH              3×3       211:30 assets/plants-v1/nightberry/bloom-11.png
MATCH              8×5       211:31 assets/plants-v1/nightberry/bloom-12.png
MATCH              8×5       211:32 assets/plants-v1/nightberry/bloom-13.png
MATCH              3×3       211:33 assets/plants-v1/nightberry/bloom-14.png
MATCH              3×3       211:34 assets/plants-v1/nightberry/bloom-15.png
MATCH              9×8       211:35 assets/plants-v1/nightberry/bloom-16.png
MATCH              2×3       211:36 assets/plants-v1/nightberry/bloom-17.png
MATCH              7×5       211:37 assets/plants-v1/nightberry/bloom-18.png
MATCH              5×5       211:38 assets/plants-v1/nightberry/bloom-19.png
MATCH              15×11     211:39 assets/plants-v1/nightberry/root-01.png
MATCH              15×8      211:40 assets/plants-v1/nightberry/stem-01.png
MATCH              18×8      211:41 assets/plants-v1/nightberry/stem-02.png
MATCH              17×8      211:42 assets/plants-v1/nightberry/stem-03.png
MATCH              16×8      211:43 assets/plants-v1/nightberry/stem-04.png
MATCH              18×8      211:44 assets/plants-v1/nightberry/stem-05.png
MATCH              12×8      211:45 assets/plants-v1/nightberry/stem-06.png
MATCH              8×8       211:46 assets/plants-v1/nightberry/stem-07.png
MATCH              35×7      389:177 assets/plants-v1/plant-1/flower-01.png
MATCH              35×7      389:178 assets/plants-v1/plant-1/flower-02.png
MATCH              35×7      389:179 assets/plants-v1/plant-1/flower-03.png
MATCH              35×7      389:180 assets/plants-v1/plant-1/flower-04.png
MATCH              35×7      389:181 assets/plants-v1/plant-1/flower-05.png
MATCH              35×7      389:182 assets/plants-v1/plant-1/flower-06.png
MATCH              35×7      389:183 assets/plants-v1/plant-1/flower-07.png
MATCH              35×7      389:184 assets/plants-v1/plant-1/flower-08.png
MATCH              35×7      389:185 assets/plants-v1/plant-1/flower-09.png
MATCH              35×7      389:186 assets/plants-v1/plant-1/stem-01.png
MATCH              35×7      389:187 assets/plants-v1/plant-1/stem-02.png
MATCH              35×7      389:188 assets/plants-v1/plant-1/stem-03.png
MATCH              35×7      389:189 assets/plants-v1/plant-1/stem-04.png
MATCH              35×7      389:190 assets/plants-v1/plant-1/stem-05.png
MATCH              35×7      389:191 assets/plants-v1/plant-1/stem-06.png
MATCH              35×7      389:192 assets/plants-v1/plant-1/stem-07.png
MATCH              35×7      389:193 assets/plants-v1/plant-1/stem-08.png
MATCH              35×7      389:194 assets/plants-v1/plant-1/stem-09.png
MATCH              35×7      389:195 assets/plants-v1/plant-1/stem-10.png
MATCH              35×7      389:196 assets/plants-v1/plant-1/stem-11.png
MATCH              35×7      389:197 assets/plants-v1/plant-1/stem-12.png
MATCH              35×7      389:198 assets/plants-v1/plant-1/stem-13.png
MATCH              35×7      389:199 assets/plants-v1/plant-1/stem-14.png
MATCH              35×7      389:200 assets/plants-v1/plant-1/stem-15.png
MATCH              35×7      389:201 assets/plants-v1/plant-1/stem-16.png
MATCH              35×7      389:202 assets/plants-v1/plant-1/stem-17.png
MATCH              35×7      389:203 assets/plants-v1/plant-1/stem-18.png
MATCH              35×7      389:204 assets/plants-v1/plant-1/stem-19.png
MATCH              41×8      389:205 assets/plants-v1/plant-2/flower-01.png
MATCH              41×10     389:206 assets/plants-v1/plant-2/flower-02.png
MATCH              41×8      389:207 assets/plants-v1/plant-2/flower-03.png
MATCH              41×7      389:208 assets/plants-v1/plant-2/stem-01.png
MATCH              41×7      389:209 assets/plants-v1/plant-2/stem-02.png
MATCH              41×7      389:210 assets/plants-v1/plant-2/stem-03.png
MATCH              41×7      389:211 assets/plants-v1/plant-2/stem-04.png
MATCH              41×7      389:212 assets/plants-v1/plant-2/stem-05.png
MATCH              41×7      389:213 assets/plants-v1/plant-2/stem-06.png
MATCH              41×7      389:214 assets/plants-v1/plant-2/stem-07.png
MATCH              41×7      389:215 assets/plants-v1/plant-2/stem-08.png
MATCH              41×7      389:216 assets/plants-v1/plant-2/stem-09.png
MATCH              41×9      389:217 assets/plants-v1/plant-2/stem-10.png
MATCH              41×8      389:218 assets/plants-v1/plant-2/stem-11.png
MATCH              45×7      389:219 assets/plants-v1/plant-3/flower-01.png
MATCH              45×7      389:220 assets/plants-v1/plant-3/flower-02.png
MATCH              45×7      389:221 assets/plants-v1/plant-3/stem-01.png
MATCH              45×7      389:222 assets/plants-v1/plant-3/stem-02.png
MATCH              45×7      389:223 assets/plants-v1/plant-3/stem-03.png
MATCH              45×7      389:224 assets/plants-v1/plant-3/stem-04.png
MATCH              45×7      389:225 assets/plants-v1/plant-3/stem-05.png
MATCH              45×7      389:226 assets/plants-v1/plant-3/stem-06.png
MATCH              45×7      389:227 assets/plants-v1/plant-3/stem-07.png
MATCH              29×10     389:228 assets/plants-v1/plant-4/flower-01.png
MATCH              29×10     389:229 assets/plants-v1/plant-4/flower-02.png
MATCH              29×10     389:230 assets/plants-v1/plant-4/stem-01.png
MATCH              29×10     389:231 assets/plants-v1/plant-4/stem-02.png
MATCH              29×10     389:232 assets/plants-v1/plant-4/stem-03.png
MATCH              29×10     389:233 assets/plants-v1/plant-4/stem-04.png
MATCH              29×10     389:234 assets/plants-v1/plant-4/stem-05.png
MATCH              29×10     389:235 assets/plants-v1/plant-4/stem-06.png
MATCH              29×10     389:236 assets/plants-v1/plant-4/stem-07.png
MATCH              29×10     389:237 assets/plants-v1/plant-4/stem-08.png
MATCH              39×12     389:238 assets/plants-v1/plant-5/flower-01.png
MATCH              39×12     389:239 assets/plants-v1/plant-5/flower-02.png
MATCH              39×12     389:240 assets/plants-v1/plant-5/flower-03.png
MATCH              39×12     389:241 assets/plants-v1/plant-5/stem-01.png
MATCH              39×12     389:242 assets/plants-v1/plant-5/stem-02.png
MATCH              39×12     389:243 assets/plants-v1/plant-5/stem-03.png
MATCH              39×13     389:244 assets/plants-v1/plant-5/stem-04.png
MATCH              39×12     389:245 assets/plants-v1/plant-5/stem-05.png
MATCH              41×9      389:246 assets/plants-v1/plant-6/flower-01.png
MATCH              41×10     389:247 assets/plants-v1/plant-6/flower-02.png
MATCH              41×11     389:248 assets/plants-v1/plant-6/stem-01.png
MATCH              41×11     389:249 assets/plants-v1/plant-6/stem-02.png
MATCH              41×10     389:250 assets/plants-v1/plant-6/stem-03.png
MATCH              41×11     389:251 assets/plants-v1/plant-6/stem-04.png
MATCH              41×10     389:252 assets/plants-v1/plant-6/stem-05.png
MATCH              41×9      389:253 assets/plants-v1/plant-6/stem-06.png
MATCH              41×9      389:254 assets/plants-v1/plant-6/stem-07.png
MATCH              41×10     389:255 assets/plants-v1/plant-6/stem-08.png
MATCH              41×9      389:256 assets/plants-v1/plant-6/stem-09.png
MATCH              41×9      389:257 assets/plants-v1/plant-6/stem-10.png
MATCH              41×10     389:258 assets/plants-v1/plant-7/flower-01.png
MATCH              41×10     389:259 assets/plants-v1/plant-7/flower-02.png
MATCH              41×10     389:260 assets/plants-v1/plant-7/flower-03.png
MATCH              41×10     389:261 assets/plants-v1/plant-7/flower-04.png
MATCH              40×10     389:262 assets/plants-v1/plant-7/flower-05.png
MATCH              19×9      389:263 assets/plants-v1/plant-7/stem-01.png
MATCH              23×9      389:264 assets/plants-v1/plant-7/stem-02.png
MATCH              21×10     389:265 assets/plants-v1/plant-7/stem-03.png
MATCH              19×9      389:266 assets/plants-v1/plant-7/stem-04.png
MATCH              21×7      389:267 assets/plants-v1/plant-7/stem-05.png
MATCH              15×8      389:268 assets/plants-v1/plant-7/stem-06.png
MATCH              23×7      389:269 assets/plants-v1/plant-7/stem-07.png
MATCH              21×11     389:270 assets/plants-v1/plant-8/flower-01.png
MATCH              21×11     389:271 assets/plants-v1/plant-8/flower-02.png
MATCH              21×11     389:272 assets/plants-v1/plant-8/flower-03.png
MATCH              21×11     389:273 assets/plants-v1/plant-8/stem-01.png
MATCH              21×11     389:274 assets/plants-v1/plant-8/stem-02.png
MATCH              21×11     389:275 assets/plants-v1/plant-8/stem-03.png
MATCH              35×7      389:276 assets/plants-v1/plant-9/flower-01.png
MATCH              35×7      389:277 assets/plants-v1/plant-9/flower-02.png
MATCH              35×7      389:278 assets/plants-v1/plant-9/flower-03.png
MATCH              35×7      389:279 assets/plants-v1/plant-9/flower-04.png
MATCH              35×7      389:280 assets/plants-v1/plant-9/flower-05.png
MATCH              35×7      389:281 assets/plants-v1/plant-9/flower-06.png
MATCH              35×7      389:282 assets/plants-v1/plant-9/flower-07.png
MATCH              35×7      389:283 assets/plants-v1/plant-9/flower-08.png
MATCH              35×7      389:284 assets/plants-v1/plant-9/flower-09.png
MATCH              35×7      389:285 assets/plants-v1/plant-9/stem-01.png
MATCH              35×7      389:286 assets/plants-v1/plant-9/stem-02.png
MATCH              35×7      389:287 assets/plants-v1/plant-9/stem-03.png
MATCH              35×7      389:288 assets/plants-v1/plant-9/stem-04.png
MATCH              35×7      389:289 assets/plants-v1/plant-9/stem-05.png
MATCH              35×7      389:290 assets/plants-v1/plant-9/stem-06.png
MATCH              35×7      389:291 assets/plants-v1/plant-9/stem-07.png
MATCH              35×7      389:292 assets/plants-v1/plant-9/stem-08.png
MATCH              35×7      389:293 assets/plants-v1/plant-9/stem-09.png
MATCH              35×7      389:294 assets/plants-v1/plant-9/stem-10.png
MATCH              35×7      389:295 assets/plants-v1/plant-9/stem-11.png
MATCH              35×7      389:296 assets/plants-v1/plant-9/stem-12.png
MATCH              35×7      389:297 assets/plants-v1/plant-9/stem-13.png
MATCH              35×7      389:298 assets/plants-v1/plant-9/stem-14.png
MATCH              35×7      389:299 assets/plants-v1/plant-9/stem-15.png
MATCH              35×7      389:300 assets/plants-v1/plant-9/stem-16.png
MATCH              35×7      389:301 assets/plants-v1/plant-9/stem-17.png
MATCH              35×7      389:302 assets/plants-v1/plant-9/stem-18.png
MATCH              35×7      389:303 assets/plants-v1/plant-9/stem-19.png
MATCH              29×27     389:304 assets/plants-v1/pumpkin/pumpkin-01.png
MATCH              29×27     389:305 assets/plants-v1/pumpkin/pumpkin-02.png
MATCH              29×27     389:306 assets/plants-v1/pumpkin/pumpkin-03.png
MATCH              29×27     389:307 assets/plants-v1/pumpkin/pumpkin-04.png
MATCH              12×13     211:62 assets/plants-v1/reindeer-moss/bloom-01.png
MATCH              9×9       211:63 assets/plants-v1/reindeer-moss/bloom-02.png
MATCH              12×12     211:64 assets/plants-v1/reindeer-moss/bloom-03.png
MATCH              12×8      211:65 assets/plants-v1/reindeer-moss/bloom-04.png
MATCH              8×8       211:66 assets/plants-v1/reindeer-moss/bloom-05.png
MATCH              3×3       211:67 assets/plants-v1/reindeer-moss/bloom-06.png
MATCH              6×5       211:68 assets/plants-v1/reindeer-moss/bloom-07.png
MATCH              14×13     211:69 assets/plants-v1/reindeer-moss/root-01.png
MATCH              11×8      211:70 assets/plants-v1/reindeer-moss/stem-01.png
MATCH              19×8      211:71 assets/plants-v1/reindeer-moss/stem-02.png
MATCH              21×8      211:72 assets/plants-v1/reindeer-moss/stem-03.png
MATCH              25×8      211:73 assets/plants-v1/reindeer-moss/stem-04.png
MATCH              21×8      211:74 assets/plants-v1/reindeer-moss/stem-05.png
MATCH              15×8      211:75 assets/plants-v1/reindeer-moss/stem-06.png
MATCH              18×8      211:76 assets/plants-v1/reindeer-moss/stem-07.png
MATCH              16×8      211:77 assets/plants-v1/reindeer-moss/stem-08.png
MATCH              2×1       211:78 assets/plants-v1/reindeer-moss/stem-09.png
MATCH              35×7      389:308 assets/plants-v1/roots/root-01.png
MATCH              35×7      389:309 assets/plants-v1/roots/root-02.png
MATCH              35×7      389:310 assets/plants-v1/roots/root-03.png
MATCH              35×7      389:311 assets/plants-v1/roots/root-04.png
MATCH              35×7      389:312 assets/plants-v1/roots/root-05.png
MATCH              35×7      389:313 assets/plants-v1/roots/root-06.png
MATCH              35×7      389:314 assets/plants-v1/roots/root-07.png
MATCH              35×7      389:315 assets/plants-v1/roots/root-08.png
MATCH              35×7      389:316 assets/plants-v1/roots/root-09.png
MATCH              35×7      389:317 assets/plants-v1/roots/root-10.png
MATCH              35×7      389:318 assets/plants-v1/roots/root-11.png
MATCH              35×7      389:319 assets/plants-v1/roots/root-12.png
MATCH              35×7      389:320 assets/plants-v1/roots/root-13.png
MATCH              35×7      389:321 assets/plants-v1/roots/root-14.png
MATCH              3×2       389:322 assets/plants-v1/rose-curl/bloom-01.png
MATCH              6×7       389:323 assets/plants-v1/rose-curl/bloom-02.png
MATCH              6×7       389:324 assets/plants-v1/rose-curl/bloom-03.png
MATCH              2×2       389:325 assets/plants-v1/rose-curl/bloom-04.png
MATCH              2×2       389:326 assets/plants-v1/rose-curl/bloom-05.png
MATCH              5×6       389:327 assets/plants-v1/rose-curl/bloom-06.png
MATCH              3×4       389:328 assets/plants-v1/rose-curl/bloom-07.png
MATCH              7×6       389:329 assets/plants-v1/rose-curl/bloom-08.png
MATCH              14×7      389:330 assets/plants-v1/rose-curl/root-01.png
MATCH              9×7       389:331 assets/plants-v1/rose-curl/stem-01.png
MATCH              17×8      389:332 assets/plants-v1/rose-curl/stem-02.png
MATCH              20×8      389:333 assets/plants-v1/rose-curl/stem-03.png
MATCH              19×8      389:334 assets/plants-v1/rose-curl/stem-04.png
MATCH              12×8      389:335 assets/plants-v1/rose-curl/stem-05.png
MATCH              16×8      389:336 assets/plants-v1/rose-curl/stem-06.png
MATCH              11×8      389:337 assets/plants-v1/rose-curl/stem-07.png
MATCH              10×5      389:338 assets/plants-v1/rose-curl/stem-08.png
MATCH              35×7      389:339 assets/plants-v1/seeds/seed-01.png
MATCH              35×7      389:340 assets/plants-v1/seeds/seed-02.png
MATCH              35×7      389:341 assets/plants-v1/seeds/seed-03.png
MATCH              35×7      389:342 assets/plants-v1/seeds/seed-04.png
MATCH              35×7      389:343 assets/plants-v1/seeds/seed-05.png
MATCH              35×7      389:344 assets/plants-v1/seeds/seed-06.png
MATCH              35×7      389:345 assets/plants-v1/seeds/seed-07.png
MATCH              35×7      389:346 assets/plants-v1/seeds/seed-08.png
MATCH              35×7      389:347 assets/plants-v1/seeds/seed-09.png
MATCH              35×7      389:348 assets/plants-v1/seeds/seed-10.png
MATCH              35×7      389:349 assets/plants-v1/seeds/seed-11.png
MATCH              35×7      389:350 assets/plants-v1/seeds/seed-12.png
MATCH              35×7      389:351 assets/plants-v1/seeds/seed-13.png
MATCH              35×7      389:352 assets/plants-v1/seeds/seed-14.png
MATCH              35×7      389:353 assets/plants-v1/seeds/seed-15.png
MATCH              35×7      389:354 assets/plants-v1/seeds/seed-16.png
MATCH              35×7      389:355 assets/plants-v1/seeds/seed-17.png
MATCH              35×7      389:356 assets/plants-v1/seeds/seed-18.png
MATCH              35×7      389:357 assets/plants-v1/seeds/seed-19.png
MATCH              35×7      389:358 assets/plants-v1/seeds/seed-20.png
MATCH              35×7      389:359 assets/plants-v1/seeds/seed-21.png
MATCH              35×7      389:360 assets/plants-v1/seeds/seed-22.png
MATCH              35×7      389:361 assets/plants-v1/seeds/seed-23.png
MATCH              35×7      389:362 assets/plants-v1/seeds/seed-24.png
MATCH              35×7      389:363 assets/plants-v1/seeds/seed-25.png
MATCH              35×7      389:364 assets/plants-v1/seeds/seed-26.png
MATCH              35×7      389:365 assets/plants-v1/seeds/seed-27.png
MATCH              7×7       387:20 assets/plants-v1/sligo-cap/bloom-01.png
MATCH              7×7       387:21 assets/plants-v1/sligo-cap/bloom-02.png
MATCH              7×7       387:22 assets/plants-v1/sligo-cap/bloom-03.png
MATCH              8×7       387:23 assets/plants-v1/sligo-cap/bloom-04.png
MATCH              33×17     387:24 assets/plants-v1/sligo-cap/flower-01.png
MATCH              31×16     387:25 assets/plants-v1/sligo-cap/flower-02.png
MATCH              31×17     387:26 assets/plants-v1/sligo-cap/flower-03.png
MATCH              19×11     387:27 assets/plants-v1/sligo-cap/root-01.png
MATCH              17×11     387:28 assets/plants-v1/sligo-cap/root-02.png
MATCH              23×11     387:29 assets/plants-v1/sligo-cap/root-03.png
MATCH              17×12     387:30 assets/plants-v1/sligo-cap/stem-01.png
MATCH              17×10     387:31 assets/plants-v1/sligo-cap/stem-02.png
MATCH              19×15     387:32 assets/plants-v1/sligo-cap/stem-03.png
MATCH              21×16     387:33 assets/plants-v1/sligo-cap/stem-04.png
MATCH              17×9      387:34 assets/plants-v1/sligo-cap/stem-05.png
MATCH              23×21     387:35 assets/plants-v1/sligo-cap/stem-06.png
MATCH              15×15     387:3  assets/plants-v1/sligo-cord/bloom-01.png
MATCH              9×8       387:4  assets/plants-v1/sligo-cord/bloom-02.png
MATCH              10×13     387:5  assets/plants-v1/sligo-cord/bloom-03.png
MATCH              7×8       387:6  assets/plants-v1/sligo-cord/bloom-04.png
MATCH              11×8      387:7  assets/plants-v1/sligo-cord/bloom-05.png
MATCH              21×25     387:8  assets/plants-v1/sligo-cord/flower-01.png
MATCH              17×21     387:9  assets/plants-v1/sligo-cord/flower-02.png
MATCH              17×19     387:10 assets/plants-v1/sligo-cord/flower-03.png
MATCH              17×12     387:11 assets/plants-v1/sligo-cord/root-01.png
MATCH              17×12     387:12 assets/plants-v1/sligo-cord/root-02.png
MATCH              17×12     387:13 assets/plants-v1/sligo-cord/root-03.png
MATCH              7×8       387:14 assets/plants-v1/sligo-cord/stem-01.png
MATCH              7×9       387:15 assets/plants-v1/sligo-cord/stem-02.png
MATCH              7×8       387:16 assets/plants-v1/sligo-cord/stem-03.png
MATCH              7×9       387:17 assets/plants-v1/sligo-cord/stem-04.png
MATCH              7×9       387:18 assets/plants-v1/sligo-cord/stem-05.png
MATCH              7×8       387:19 assets/plants-v1/sligo-cord/stem-06.png
MATCH              4×5       389:366 assets/plants-v1/snow-bush/bloom-01.png
MATCH              4×4       389:367 assets/plants-v1/snow-bush/bloom-02.png
MATCH              10×7      389:368 assets/plants-v1/snow-bush/bloom-03.png
MATCH              7×3       389:369 assets/plants-v1/snow-bush/bloom-04.png
MATCH              4×6       389:370 assets/plants-v1/snow-bush/bloom-05.png
MATCH              4×5       389:371 assets/plants-v1/snow-bush/bloom-06.png
MATCH              4×4       389:372 assets/plants-v1/snow-bush/bloom-07.png
MATCH              5×6       389:373 assets/plants-v1/snow-bush/bloom-08.png
MATCH              3×4       389:374 assets/plants-v1/snow-bush/bloom-09.png
MATCH              2×4       389:375 assets/plants-v1/snow-bush/bloom-10.png
MATCH              3×3       389:376 assets/plants-v1/snow-bush/bloom-11.png
MATCH              2×4       389:377 assets/plants-v1/snow-bush/bloom-12.png
MATCH              2×2       389:378 assets/plants-v1/snow-bush/bloom-13.png
MATCH              3×4       389:379 assets/plants-v1/snow-bush/bloom-14.png
MATCH              5×3       389:380 assets/plants-v1/snow-bush/bloom-15.png
MATCH              2×2       389:381 assets/plants-v1/snow-bush/bloom-16.png
MATCH              3×5       389:382 assets/plants-v1/snow-bush/bloom-17.png
MATCH              4×3       389:383 assets/plants-v1/snow-bush/bloom-18.png
MATCH              4×4       389:384 assets/plants-v1/snow-bush/bloom-19.png
MATCH              2×3       389:385 assets/plants-v1/snow-bush/bloom-20.png
MATCH              2×2       389:386 assets/plants-v1/snow-bush/bloom-21.png
MATCH              4×5       389:387 assets/plants-v1/snow-bush/bloom-22.png
MATCH              17×9      389:388 assets/plants-v1/snow-bush/root-01.png
MATCH              39×8      389:389 assets/plants-v1/snow-bush/stem-01.png
MATCH              38×8      389:390 assets/plants-v1/snow-bush/stem-02.png
MATCH              40×8      389:391 assets/plants-v1/snow-bush/stem-03.png
MATCH              36×8      389:392 assets/plants-v1/snow-bush/stem-04.png
MATCH              28×8      389:393 assets/plants-v1/snow-bush/stem-05.png
MATCH              23×8      389:394 assets/plants-v1/snow-bush/stem-06.png
MATCH              14×8      389:395 assets/plants-v1/snow-bush/stem-07.png
MATCH              4×2       389:396 assets/plants-v1/snow-bush/stem-08.png
MATCH              1×4       389:397 assets/plants-v1/star-grass/bloom-01.png
MATCH              3×4       389:398 assets/plants-v1/star-grass/bloom-02.png
MATCH              3×3       389:399 assets/plants-v1/star-grass/bloom-03.png
MATCH              6×7       389:400 assets/plants-v1/star-grass/bloom-04.png
MATCH              3×4       389:401 assets/plants-v1/star-grass/bloom-05.png
MATCH              7×4       389:402 assets/plants-v1/star-grass/bloom-06.png
MATCH              3×3       389:403 assets/plants-v1/star-grass/bloom-07.png
MATCH              2×2       389:404 assets/plants-v1/star-grass/bloom-08.png
MATCH              3×3       389:405 assets/plants-v1/star-grass/bloom-09.png
MATCH              3×3       389:406 assets/plants-v1/star-grass/bloom-10.png
MATCH              2×2       389:407 assets/plants-v1/star-grass/bloom-11.png
MATCH              2×2       389:408 assets/plants-v1/star-grass/bloom-12.png
MATCH              3×4       389:409 assets/plants-v1/star-grass/bloom-13.png
MATCH              20×8      389:410 assets/plants-v1/star-grass/root-01.png
MATCH              18×8      389:411 assets/plants-v1/star-grass/stem-01.png
MATCH              30×8      389:412 assets/plants-v1/star-grass/stem-02.png
MATCH              34×8      389:413 assets/plants-v1/star-grass/stem-03.png
MATCH              36×8      389:414 assets/plants-v1/star-grass/stem-04.png
MATCH              29×8      389:415 assets/plants-v1/star-grass/stem-05.png
MATCH              28×8      389:416 assets/plants-v1/star-grass/stem-06.png
MATCH              17×8      389:417 assets/plants-v1/star-grass/stem-07.png
MATCH              13×8      389:418 assets/plants-v1/star-grass/stem-08.png
MATCH              3×5       389:419 assets/plants-v1/sunpuff/bloom-01.png
MATCH              7×7       389:420 assets/plants-v1/sunpuff/bloom-02.png
MATCH              10×8      389:421 assets/plants-v1/sunpuff/bloom-03.png
MATCH              9×8       389:422 assets/plants-v1/sunpuff/bloom-04.png
MATCH              5×3       389:423 assets/plants-v1/sunpuff/bloom-05.png
MATCH              12×10     389:424 assets/plants-v1/sunpuff/bloom-06.png
MATCH              17×6      389:425 assets/plants-v1/sunpuff/root-01.png
MATCH              16×8      389:426 assets/plants-v1/sunpuff/stem-01.png
MATCH              29×8      389:427 assets/plants-v1/sunpuff/stem-02.png
MATCH              29×8      389:428 assets/plants-v1/sunpuff/stem-03.png
MATCH              24×8      389:429 assets/plants-v1/sunpuff/stem-04.png
MATCH              22×8      389:430 assets/plants-v1/sunpuff/stem-05.png
MATCH              15×7      389:431 assets/plants-v1/sunpuff/stem-06.png
MATCH              128×75    340:3  assets/tiles-v1/sanctuary.png
MATCH              628×1614  394:17 assets/levels-v1/high-tide.png
MATCH              557×314   477:11669 assets/levels-v1/seed-vault.png
MATCH              1080×224  477:11670 assets/levels-v1/railway-ruins.png
MATCH              128×288   366:3  assets/garden-guardians-v1/native/dew-duke.png
MATCH              128×288   366:4  assets/garden-guardians-v1/native/frostjaw.png
MATCH              128×288   366:5  assets/garden-guardians-v1/native/kiln-beetle.png
MATCH              128×288   366:6  assets/garden-guardians-v1/native/root-ram.png
MATCH              128×288   366:7  assets/garden-guardians-v1/native/silk-weaver.png
MATCH              128×288   366:8  assets/garden-guardians-v1/native/spore-oracle.png
MATCH              128×288   366:9  assets/garden-guardians-v1/native/sprout-sentinel.png
MATCH              128×288   366:10 assets/garden-guardians-v1/native/thorn-duelist.png
MATCH              128×288   369:3  assets/garden-guardians-v1/native/glass-snail.png
MATCH              128×288   369:4  assets/garden-guardians-v1/native/wick-hermit.png
MATCH              128×288   369:5  assets/garden-guardians-v1/native/spindle-widow.png
MATCH              128×288   369:6  assets/garden-guardians-v1/native/orchard-mimic.png
MATCH              128×288   370:2  assets/garden-guardians-v1/native/tuning-fork.png
MATCH              128×288   370:3  assets/garden-guardians-v1/native/ash-ferryman.png
MATCH              128×288   370:4  assets/garden-guardians-v1/native/compost-choir.png
MATCH              128×288   370:5  assets/garden-guardians-v1/native/seed-engine.png
MATCH              384×160   389:432 assets/rat-enemies-v1/albino/sprites.png
MATCH              384×160   389:433 assets/rat-enemies-v1/black/sprites.png
MATCH              384×160   389:434 assets/rat-enemies-v1/common/sprites.png
MATCH              384×160   389:435 assets/rat-enemies-v1/plague/sprites.png
MATCH              128×128   389:47 assets/enemies-v1/healing-moth/sprites.png
MATCH              256×512   389:48 assets/enemies-v1/hollow-crown/sprites.png
MATCH              128×128   389:49 assets/enemies-v1/seed-thief/sprites.png
MATCH              128×128   389:50 assets/enemies-v1/shield-beetle/sprites.png
MATCH              128×128   389:51 assets/enemies-v1/spore-caster/sprites.png
MATCH              256×128   574:13527 assets/yeet-encounter-v1/yeet.png
MATCH              128×64    582:13528 assets/yeet-encounter-v1/cat.png
MATCH              256×256   389:40 assets/boss-milestones-v1/native/05-mossback.png
MATCH              256×256   389:41 assets/boss-milestones-v1/native/10-bellkeeper.png
MATCH              256×256   389:42 assets/boss-milestones-v1/native/15-moon-moth.png
MATCH              768×1728  619:13529 assets/crown-ascendant-v1/boss.png
MATCH              288×288   619:13530 assets/crown-ascendant-v1/effects.png
MATCH              384×384   619:13531 assets/crown-ascendant-v1/chimera.png
MATCH              256×256   386:13 assets/characters-v2/cairn/interaction.png
MATCH              256×256   386:12 assets/characters-v2/cairn/main.png
MATCH              256×256   386:15 assets/characters-v2/mycel/interaction.png
MATCH              256×256   386:14 assets/characters-v2/mycel/main.png
MATCH              256×256   437:3  assets/characters-v2/rattle-norvegicus-pink/main.png
MATCH              256×256   437:4  assets/characters-v2/rattle-norvegicus-pink/interaction.png
MATCH              256×256   389:60 assets/max-skins-v1/ember/interaction.png
MATCH              256×256   389:61 assets/max-skins-v1/ember/main.png
MATCH              256×256   389:62 assets/max-skins-v1/moon/interaction.png
MATCH              256×256   389:63 assets/max-skins-v1/moon/main.png
MATCH              256×256   389:64 assets/max-skins-v1/moss/interaction.png
MATCH              256×256   389:65 assets/max-skins-v1/moss/main.png
MATCH              256×256   387:37 assets/max-skins-v1/polge/interaction.png
MATCH              256×256   386:8  assets/max-skins-v1/polge/main.png
MATCH              2560×40   386:7  assets/max-skins-v1/sligo/brood.png
MATCH              960×40    386:9  assets/max-skins-v1/sligo/chain.png
MATCH              960×40    387:58 assets/max-skins-v1/sligo/evergreen.png
MATCH              256×256   387:2  assets/max-skins-v1/sligo/main.png
MATCH              1600×40   387:36 assets/max-skins-v1/sligo/specials.png
MATCH              256×256   389:66 assets/max-skins-v1/tide/interaction.png
MATCH              256×256   389:67 assets/max-skins-v1/tide/main.png
MATCH              256×256   477:11671 assets/max-skins-v1/sligo/interaction.png
MATCH              512×40    558:13528 assets/rattus-motion/walk.png
MATCH              448×40    558:13529 assets/rattus-motion/run.png
MATCH              512×40    558:13530 assets/rattus-motion/brake.png
MATCH              448×40    558:13531 assets/rattus-motion/pounce.png
MATCH              256×40    558:13532 assets/rattus-motion/guard.png
MATCH              320×40    558:13533 assets/rattus-motion/kneel-down.png
MATCH              512×40    558:13534 assets/rattus-motion/kneel.png
MATCH              512×40    558:13535 assets/rattus-motion/rest.png
MATCH              512×40    558:13536 assets/rattus-motion/rise.png
MATCH              512×40    558:13537 assets/rattus-motion/uppercut.png
MATCH              512×40    558:13538 assets/rattus-motion/rising-kick.png
MATCH              512×40    558:13539 assets/rattus-motion/turning-kick.png
MATCH              512×40    558:13540 assets/rattus-motion/double-knee.png
MATCH              512×40    558:13541 assets/rattus-motion/lunge-punch.png
MATCH              512×40    558:13542 assets/rattus-motion/jab-cross.png
MATCH              512×40    558:13543 assets/rattus-motion/sweep.png
MATCH              512×40    558:13544 assets/rattus-motion/parry.png
MATCH              576×40    558:13545 assets/rattus-motion/tail-whip.png
MATCH              512×40    558:13546 assets/rattus-motion/palm-strike.png
MATCH              512×40    558:13547 assets/rattus-motion/tail-cartwheel.png
MATCH              512×40    558:13548 assets/rattus-motion/split-kick.png
MATCH              512×40    558:13549 assets/rattus-motion/swarm-transform.png
MATCH              512×40    558:13550 assets/rattus-motion/handstand.png
MATCH              512×40    558:13551 assets/rattus-motion/dive.png
MATCH              512×40    558:13552 assets/rattus-motion/rat-call.png
MATCH              640×288   389:43 assets/companion/large-rover_left_640x288.png
MATCH              128×96    389:44 assets/companion/mini-rover.png
MATCH              384×560   389:45 assets/companion/robot.png
MATCH              128×96    389:46 assets/companion/sentry.png
MATCH              256×192   389:68 assets/native/rover.png
MATCH              9×9       387:46 assets/boon-symbols-v1/aftershock.png
MATCH              9×9       389:11 assets/boon-symbols-v1/bark.png
MATCH              9×9       387:45 assets/boon-symbols-v1/bedrock.png
MATCH              9×9       389:12 assets/boon-symbols-v1/blast.png
MATCH              9×9       389:13 assets/boon-symbols-v1/bloom.png
MATCH              9×9       389:14 assets/boon-symbols-v1/bounty.png
MATCH              9×9       389:15 assets/boon-symbols-v1/bramble.png
MATCH              9×9       389:16 assets/boon-symbols-v1/cadence.png
MATCH              9×9       389:17 assets/boon-symbols-v1/chain.png
MATCH              9×9       387:48 assets/boon-symbols-v1/colony.png
MATCH              9×9       387:44 assets/boon-symbols-v1/counter.png
MATCH              9×9       387:41 assets/boon-symbols-v1/crosswind.png
MATCH              9×9       389:18 assets/boon-symbols-v1/dash.png
MATCH              9×9       389:19 assets/boon-symbols-v1/dew.png
MATCH              9×9       389:20 assets/boon-symbols-v1/evergreen.png
MATCH              9×9       387:43 assets/boon-symbols-v1/fault.png
MATCH              9×9       387:49 assets/boon-symbols-v1/ferment.png
MATCH              9×9       389:21 assets/boon-symbols-v1/fleet.png
MATCH              9×9       387:39 assets/boon-symbols-v1/fletching.png
MATCH              9×9       389:22 assets/boon-symbols-v1/glue.png
MATCH              9×9       389:23 assets/boon-symbols-v1/growth.png
MATCH              9×9       387:56 assets/boon-symbols-v1/haymaker.png
MATCH              9×9       389:24 assets/boon-symbols-v1/luck.png
MATCH              9×9       389:25 assets/boon-symbols-v1/magnet.png
MATCH              9×9       389:26 assets/boon-symbols-v1/mulch.png
MATCH              9×9       387:38 assets/boon-symbols-v1/needle.png
MATCH              9×9       387:51 assets/boon-symbols-v1/outbreak.png
MATCH              9×9       387:55 assets/boon-symbols-v1/raincoat.png
MATCH              9×9       389:27 assets/boon-symbols-v1/recycle.png
MATCH              9×9       389:28 assets/boon-symbols-v1/regen.png
MATCH              9×9       389:29 assets/boon-symbols-v1/robot.png
MATCH              9×9       387:47 assets/boon-symbols-v1/sanctuary.png
MATCH              9×9       387:57 assets/boon-symbols-v1/secondwind.png
MATCH              9×9       389:30 assets/boon-symbols-v1/sentry.png
MATCH              9×9       389:31 assets/boon-symbols-v1/shield.png
MATCH              9×9       389:32 assets/boon-symbols-v1/slow.png
MATCH              9×9       387:54 assets/boon-symbols-v1/splinters.png
MATCH              9×9       389:33 assets/boon-symbols-v1/spread.png
MATCH              9×9       389:34 assets/boon-symbols-v1/spring.png
MATCH              9×9       389:35 assets/boon-symbols-v1/stride.png
MATCH              9×9       387:50 assets/boon-symbols-v1/symbiosis.png
MATCH              9×9       387:52 assets/boon-symbols-v1/symphony.png
MATCH              9×9       387:40 assets/boon-symbols-v1/tailwind.png
MATCH              9×9       389:36 assets/boon-symbols-v1/tender.png
MATCH              9×9       387:42 assets/boon-symbols-v1/updraft.png
MATCH              9×9       387:53 assets/boon-symbols-v1/varnish.png
MATCH              9×9       389:37 assets/boon-symbols-v1/water.png
MATCH              9×9       389:38 assets/boon-symbols-v1/wild.png
MATCH              9×9       389:39 assets/boon-symbols-v1/yield.png
MATCH              96×32     389:436 assets/results-native/sprites/font-5x7.png

665 layers in 10:2 · 665 MATCH · 0 problem(s)
2 Figma tool call(s)
